// Jest Snapshot v1, https://goo.gl/fbAQLP

exports[`Should render a component <Feed /> component is rendered 1`] = `
Object {
  "asFragment": [Function],
  "baseElement": <body>
    <div>
      <div
        class="sc-VigVT dDInGm"
      >
        <div
          class="sc-fjdhpX hvkNNE"
        >
          <div>
            <a
              class="item"
              href="/"
            >
              <img
                class="sc-bxivhb fYuNzV"
                src="test-file-stub"
              />
            </a>
          </div>
          <div
            class="sc-kGXeez fKzTdd"
          >
            <div
              class="sc-kgoBCf inbaFC"
            >
              <div
                aria-expanded="false"
                class="ui button compact selection dropdown"
                role="listbox"
                tabindex="0"
              >
                <div
                  aria-live="polite"
                  class="default text"
                  role="alert"
                >
                  SEARCH
                </div>
                <i
                  aria-hidden="true"
                  class="dropdown icon"
                />
                <div
                  class="menu transition"
                />
              </div>
              <div
                class="sc-jzJRlG fLEWoX"
              >
                <img
                  class="sc-cSHVUG gFtSKe"
                  src="test-file-stub"
                />
                <input
                  class="sc-bwzfXH sc-htpNat jIqhbn"
                  placeholder="Find the stories you love"
                  width="400px"
                />
              </div>
            </div>
            <div
              class="sc-kpOJdX blbJjL"
            >
              <div
                class="right menu"
              >
                <div
                  class="sc-iwsKbI dhNnzW"
                >
                  <a
                    href="/article/create"
                    style="margin: auto; font-weight: bolder;"
                  >
                     Create Article
                  </a>
                  <div
                    class="item sc-EHOje LOWJG"
                  >
                    <img
                      class="sc-ifAKCX dFPJHA"
                      src="test-file-stub"
                    />
                    <div
                      class="sc-dxgOiQ cksFHw"
                    >
                      0
                    </div>
                  </div>
                  <div
                    class="item"
                  >
                    <div
                      class="ui dropdown btn-dropdown-color"
                    >
                      <img
                        class="sc-bZQynM gXiVFT"
                        src="img_ur;"
                      />
                      <div
                        class="left secondary menu sc-gzVnrw bISRYH"
                      >
                        <div
                          class="item sc-htoDjs kbXggf"
                        >
                          <a
                            href="/profile/979eaa2e-5b8f-4103-8192-4639afae2ba9"
                          >
                            Chike Ozulumba
                          </a>
                        </div>
                        <div
                          class="item sc-htoDjs kbXggf"
                        >
                          <a
                            href="/feeds"
                          >
                            Feeds
                          </a>
                        </div>
                        <div
                          class="item sc-htoDjs kbXggf"
                        >
                          <a
                            href="/profile/979eaa2e-5b8f-4103-8192-4639afae2ba9"
                          >
                            Profile
                          </a>
                        </div>
                        <div
                          class="item sc-htoDjs kbXggf"
                        >
                          <a
                            href="/"
                          >
                            Logout
                          </a>
                        </div>
                      </div>
                    </div>
                  </div>
                </div>
              </div>
            </div>
          </div>
        </div>
        <div
          class="sc-jTzLTM cHjXqZ"
        >
          <div
            class="sc-kAzzGY bOfWLD"
          >
            <div
              class="sc-chPdSV fzFJVl"
            >
              <div />
            </div>
            <div
              class="sc-chPdSV fzFJVl"
            >
              <div />
            </div>
          </div>
        </div>
      </div>
    </div>
  </body>,
  "container": <div>
    <div
      class="sc-VigVT dDInGm"
    >
      <div
        class="sc-fjdhpX hvkNNE"
      >
        <div>
          <a
            class="item"
            href="/"
          >
            <img
              class="sc-bxivhb fYuNzV"
              src="test-file-stub"
            />
          </a>
        </div>
        <div
          class="sc-kGXeez fKzTdd"
        >
          <div
            class="sc-kgoBCf inbaFC"
          >
            <div
              aria-expanded="false"
              class="ui button compact selection dropdown"
              role="listbox"
              tabindex="0"
            >
              <div
                aria-live="polite"
                class="default text"
                role="alert"
              >
                SEARCH
              </div>
              <i
                aria-hidden="true"
                class="dropdown icon"
              />
              <div
                class="menu transition"
              />
            </div>
            <div
              class="sc-jzJRlG fLEWoX"
            >
              <img
                class="sc-cSHVUG gFtSKe"
                src="test-file-stub"
              />
              <input
                class="sc-bwzfXH sc-htpNat jIqhbn"
                placeholder="Find the stories you love"
                width="400px"
              />
            </div>
          </div>
          <div
            class="sc-kpOJdX blbJjL"
          >
            <div
              class="right menu"
            >
              <div
                class="sc-iwsKbI dhNnzW"
              >
                <a
                  href="/article/create"
                  style="margin: auto; font-weight: bolder;"
                >
                   Create Article
                </a>
                <div
                  class="item sc-EHOje LOWJG"
                >
                  <img
                    class="sc-ifAKCX dFPJHA"
                    src="test-file-stub"
                  />
                  <div
                    class="sc-dxgOiQ cksFHw"
                  >
                    0
                  </div>
                </div>
                <div
                  class="item"
                >
                  <div
                    class="ui dropdown btn-dropdown-color"
                  >
                    <img
                      class="sc-bZQynM gXiVFT"
                      src="img_ur;"
                    />
                    <div
                      class="left secondary menu sc-gzVnrw bISRYH"
                    >
                      <div
                        class="item sc-htoDjs kbXggf"
                      >
                        <a
                          href="/profile/979eaa2e-5b8f-4103-8192-4639afae2ba9"
                        >
                          Chike Ozulumba
                        </a>
                      </div>
                      <div
                        class="item sc-htoDjs kbXggf"
                      >
                        <a
                          href="/feeds"
                        >
                          Feeds
                        </a>
                      </div>
                      <div
                        class="item sc-htoDjs kbXggf"
                      >
                        <a
                          href="/profile/979eaa2e-5b8f-4103-8192-4639afae2ba9"
                        >
                          Profile
                        </a>
                      </div>
                      <div
                        class="item sc-htoDjs kbXggf"
                      >
                        <a
                          href="/"
                        >
                          Logout
                        </a>
                      </div>
                    </div>
                  </div>
                </div>
              </div>
            </div>
          </div>
        </div>
      </div>
      <div
        class="sc-jTzLTM cHjXqZ"
      >
        <div
          class="sc-kAzzGY bOfWLD"
        >
          <div
            class="sc-chPdSV fzFJVl"
          >
            <div />
          </div>
          <div
            class="sc-chPdSV fzFJVl"
          >
            <div />
          </div>
        </div>
      </div>
    </div>
  </div>,
  "debug": [Function],
  "findAllByAltText": [Function],
  "findAllByDisplayValue": [Function],
  "findAllByLabelText": [Function],
  "findAllByPlaceholderText": [Function],
  "findAllByRole": [Function],
  "findAllByTestId": [Function],
  "findAllByText": [Function],
  "findAllByTitle": [Function],
  "findByAltText": [Function],
  "findByDisplayValue": [Function],
  "findByLabelText": [Function],
  "findByPlaceholderText": [Function],
  "findByRole": [Function],
  "findByTestId": [Function],
  "findByText": [Function],
  "findByTitle": [Function],
  "getAllByAltText": [Function],
  "getAllByDisplayValue": [Function],
  "getAllByLabelText": [Function],
  "getAllByPlaceholderText": [Function],
  "getAllByRole": [Function],
  "getAllByTestId": [Function],
  "getAllByText": [Function],
  "getAllByTitle": [Function],
  "getByAltText": [Function],
  "getByDisplayValue": [Function],
  "getByLabelText": [Function],
  "getByPlaceholderText": [Function],
  "getByRole": [Function],
  "getByTestId": [Function],
  "getByText": [Function],
  "getByTitle": [Function],
  "queryAllByAltText": [Function],
  "queryAllByDisplayValue": [Function],
  "queryAllByLabelText": [Function],
  "queryAllByPlaceholderText": [Function],
  "queryAllByRole": [Function],
  "queryAllByTestId": [Function],
  "queryAllByText": [Function],
  "queryAllByTitle": [Function],
  "queryByAltText": [Function],
  "queryByDisplayValue": [Function],
  "queryByLabelText": [Function],
  "queryByPlaceholderText": [Function],
  "queryByRole": [Function],
  "queryByTestId": [Function],
  "queryByText": [Function],
  "queryByTitle": [Function],
  "rerender": [Function],
  "unmount": [Function],
}
`;
