// Jest Snapshot v1, https://goo.gl/fbAQLP

exports[`Should render a component <Feed /> component is rendered 1`] = `
Object {
  "asFragment": [Function],
  "baseElement": <body>
    <div>
      <div
        class="sc-iwsKbI cOBXpt"
      >
        <div
          class="sc-gqjmRU bRgVBE"
        >
          <div>
            <a
              class="item"
              href="/"
            >
              <img
                class="sc-bxivhb fYuNzV"
                src="test-file-stub"
              />
            </a>
          </div>
          <div
            class="sc-kAzzGY dlLOPc"
          >
            <div
              class="sc-cSHVUG dsRAme"
            >
              <div
                aria-expanded="false"
                class="ui button compact selection dropdown"
                role="listbox"
                tabindex="0"
              >
                <div
                  aria-live="polite"
                  class="default text"
                  role="alert"
                >
                  SEARCH
                </div>
                <i
                  aria-hidden="true"
                  class="dropdown icon"
                />
                <div
                  class="menu transition"
                />
              </div>
              <div
                class="sc-VigVT dvnCjH"
              >
                <img
                  class="sc-jTzLTM lbPJRr"
                  src="test-file-stub"
                />
                <input
                  class="sc-bwzfXH sc-htpNat jIqhbn"
                  placeholder="Find the stories you love"
                  width="400px"
                />
              </div>
            </div>
            <div
              class="sc-chPdSV dniBXr"
            >
              <div
                class="right menu"
              >
                <div
                  class="sc-gzVnrw jLEMcl"
                >
                  <div
                    class="item sc-EHOje LOWJG"
                  >
                    <img
                      class="sc-ifAKCX dFPJHA"
                      src="test-file-stub"
                    />
                    <div
                      class="sc-kgoBCf kqjQpZ"
                    >
                      0
                    </div>
                  </div>
                  <div
                    class="item"
                  >
                    <img
                      class="sc-bZQynM gXiVFT"
                      src="test-file-stub"
                    />
                  </div>
                </div>
              </div>
            </div>
          </div>
        </div>
        <div
          class="sc-gZMcBi kXwBat"
        >
          <div
            class="sc-fjdhpX fdxDzp"
          >
            <div
              class="sc-jzJRlG jZtfAi"
            >
              <div />
            </div>
            <div
              class="sc-jzJRlG jZtfAi"
            >
              <div />
            </div>
          </div>
        </div>
      </div>
    </div>
  </body>,
  "container": <div>
    <div
      class="sc-iwsKbI cOBXpt"
    >
      <div
        class="sc-gqjmRU bRgVBE"
      >
        <div>
          <a
            class="item"
            href="/"
          >
            <img
              class="sc-bxivhb fYuNzV"
              src="test-file-stub"
            />
          </a>
        </div>
        <div
          class="sc-kAzzGY dlLOPc"
        >
          <div
            class="sc-cSHVUG dsRAme"
          >
            <div
              aria-expanded="false"
              class="ui button compact selection dropdown"
              role="listbox"
              tabindex="0"
            >
              <div
                aria-live="polite"
                class="default text"
                role="alert"
              >
                SEARCH
              </div>
              <i
                aria-hidden="true"
                class="dropdown icon"
              />
              <div
                class="menu transition"
              />
            </div>
            <div
              class="sc-VigVT dvnCjH"
            >
              <img
                class="sc-jTzLTM lbPJRr"
                src="test-file-stub"
              />
              <input
                class="sc-bwzfXH sc-htpNat jIqhbn"
                placeholder="Find the stories you love"
                width="400px"
              />
            </div>
          </div>
          <div
            class="sc-chPdSV dniBXr"
          >
            <div
              class="right menu"
            >
              <div
                class="sc-gzVnrw jLEMcl"
              >
                <div
                  class="item sc-EHOje LOWJG"
                >
                  <img
                    class="sc-ifAKCX dFPJHA"
                    src="test-file-stub"
                  />
                  <div
                    class="sc-kgoBCf kqjQpZ"
                  >
                    0
                  </div>
                </div>
                <div
                  class="item"
                >
                  <img
                    class="sc-bZQynM gXiVFT"
                    src="test-file-stub"
                  />
                </div>
              </div>
            </div>
          </div>
        </div>
      </div>
      <div
        class="sc-gZMcBi kXwBat"
      >
        <div
          class="sc-fjdhpX fdxDzp"
        >
          <div
            class="sc-jzJRlG jZtfAi"
          >
            <div />
          </div>
          <div
            class="sc-jzJRlG jZtfAi"
          >
            <div />
          </div>
        </div>
      </div>
    </div>
  </div>,
  "debug": [Function],
  "findAllByAltText": [Function],
  "findAllByDisplayValue": [Function],
  "findAllByLabelText": [Function],
  "findAllByPlaceholderText": [Function],
  "findAllByRole": [Function],
  "findAllByTestId": [Function],
  "findAllByText": [Function],
  "findAllByTitle": [Function],
  "findByAltText": [Function],
  "findByDisplayValue": [Function],
  "findByLabelText": [Function],
  "findByPlaceholderText": [Function],
  "findByRole": [Function],
  "findByTestId": [Function],
  "findByText": [Function],
  "findByTitle": [Function],
  "getAllByAltText": [Function],
  "getAllByDisplayValue": [Function],
  "getAllByLabelText": [Function],
  "getAllByPlaceholderText": [Function],
  "getAllByRole": [Function],
  "getAllByTestId": [Function],
  "getAllByText": [Function],
  "getAllByTitle": [Function],
  "getByAltText": [Function],
  "getByDisplayValue": [Function],
  "getByLabelText": [Function],
  "getByPlaceholderText": [Function],
  "getByRole": [Function],
  "getByTestId": [Function],
  "getByText": [Function],
  "getByTitle": [Function],
  "queryAllByAltText": [Function],
  "queryAllByDisplayValue": [Function],
  "queryAllByLabelText": [Function],
  "queryAllByPlaceholderText": [Function],
  "queryAllByRole": [Function],
  "queryAllByTestId": [Function],
  "queryAllByText": [Function],
  "queryAllByTitle": [Function],
  "queryByAltText": [Function],
  "queryByDisplayValue": [Function],
  "queryByLabelText": [Function],
  "queryByPlaceholderText": [Function],
  "queryByRole": [Function],
  "queryByTestId": [Function],
  "queryByText": [Function],
  "queryByTitle": [Function],
  "rerender": [Function],
  "unmount": [Function],
}
`;
