// Jest Snapshot v1, https://goo.gl/fbAQLP

exports[`renders the Component 1`] = `
Object {
  "asFragment": [Function],
  "baseElement": <body>
    <div>
      <div
        class="sc-htpNat bjYdsH"
      >
        <div
          class="sc-bwzfXH gJIwTT"
        >
          <div>
            <a
              href="/"
            >
              <img
                width="150"
              />
            </a>
          </div>
        </div>
        <div
          class="sc-bxivhb kPKGIS"
        >
          <h1>
            Reset Password
          </h1>
        </div>
        <h4>
          Enter Your Email Address And We Will Email You With Instructions
        </h4>
        <form
          class="ui form sc-bdVaJa dVBOwF"
          data-testid="forgotPassword"
        >
          <div
            class="field"
          >
            <div
              class="ui big left icon input"
            >
              <input
                name="email"
                placeholder="YOUR EMAIL ADDRESS"
                type="email"
                value=""
              />
              <i
                aria-hidden="true"
                class="blue envelope icon"
              />
            </div>
          </div>
          <div>
            <button
              class="ui blue big fluid button"
              type="submit"
            >
              RESET PASSWORD
            </button>
          </div>
        </form>
        <p
          class="sc-ifAKCX IRRQR"
        >
          <a
            href="/login"
          >
            Back to Login
          </a>
        </p>
      </div>
    </div>
  </body>,
  "container": <div>
    <div
      class="sc-htpNat bjYdsH"
    >
      <div
        class="sc-bwzfXH gJIwTT"
      >
        <div>
          <a
            href="/"
          >
            <img
              width="150"
            />
          </a>
        </div>
      </div>
      <div
        class="sc-bxivhb kPKGIS"
      >
        <h1>
          Reset Password
        </h1>
      </div>
      <h4>
        Enter Your Email Address And We Will Email You With Instructions
      </h4>
      <form
        class="ui form sc-bdVaJa dVBOwF"
        data-testid="forgotPassword"
      >
        <div
          class="field"
        >
          <div
            class="ui big left icon input"
          >
            <input
              name="email"
              placeholder="YOUR EMAIL ADDRESS"
              type="email"
              value=""
            />
            <i
              aria-hidden="true"
              class="blue envelope icon"
            />
          </div>
        </div>
        <div>
          <button
            class="ui blue big fluid button"
            type="submit"
          >
            RESET PASSWORD
          </button>
        </div>
      </form>
      <p
        class="sc-ifAKCX IRRQR"
      >
        <a
          href="/login"
        >
          Back to Login
        </a>
      </p>
    </div>
  </div>,
  "debug": [Function],
  "findAllByAltText": [Function],
  "findAllByDisplayValue": [Function],
  "findAllByLabelText": [Function],
  "findAllByPlaceholderText": [Function],
  "findAllByRole": [Function],
  "findAllByTestId": [Function],
  "findAllByText": [Function],
  "findAllByTitle": [Function],
  "findByAltText": [Function],
  "findByDisplayValue": [Function],
  "findByLabelText": [Function],
  "findByPlaceholderText": [Function],
  "findByRole": [Function],
  "findByTestId": [Function],
  "findByText": [Function],
  "findByTitle": [Function],
  "getAllByAltText": [Function],
  "getAllByDisplayValue": [Function],
  "getAllByLabelText": [Function],
  "getAllByPlaceholderText": [Function],
  "getAllByRole": [Function],
  "getAllByTestId": [Function],
  "getAllByText": [Function],
  "getAllByTitle": [Function],
  "getByAltText": [Function],
  "getByDisplayValue": [Function],
  "getByLabelText": [Function],
  "getByPlaceholderText": [Function],
  "getByRole": [Function],
  "getByTestId": [Function],
  "getByText": [Function],
  "getByTitle": [Function],
  "queryAllByAltText": [Function],
  "queryAllByDisplayValue": [Function],
  "queryAllByLabelText": [Function],
  "queryAllByPlaceholderText": [Function],
  "queryAllByRole": [Function],
  "queryAllByTestId": [Function],
  "queryAllByText": [Function],
  "queryAllByTitle": [Function],
  "queryByAltText": [Function],
  "queryByDisplayValue": [Function],
  "queryByLabelText": [Function],
  "queryByPlaceholderText": [Function],
  "queryByRole": [Function],
  "queryByTestId": [Function],
  "queryByText": [Function],
  "queryByTitle": [Function],
  "rerender": [Function],
  "unmount": [Function],
}
`;
